
Allocating common symbols
Common symbol       size              file

kbd_buf             0x6c              build/keyboard.o
root_dir            0x208             build/dir.o
thread_ready_list   0x10              build/thread.o
thread_all_list     0x10              build/thread.o
user_pool           0x2c              build/memory.o
channel_cnt         0x1               build/ide.o
cur_part            0x4               build/fs.o
k_block_descs       0xa8              build/memory.o
idle_thread         0x4               build/thread.o
intr_name           0x204             build/interrupt.o
main_thread         0x4               build/thread.o
channels            0xcc0             build/ide.o
ticks               0x4               build/timer.o
kernel_vaddr        0xc               build/memory.o
syscall_table       0x80              build/syscall-init.o
idt_table           0x204             build/interrupt.o
file_table          0x180             build/file.o
partition_list      0x10              build/ide.o
kernel_pool         0x2c              build/memory.o
pid_lock            0x1c              build/thread.o

Discarded input sections

 .note.GNU-stack
                0x0000000000000000        0x0 build/main.o
 .note.GNU-stack
                0x0000000000000000        0x0 build/init.o
 .note.GNU-stack
                0x0000000000000000        0x0 build/interrupt.o
 .note.GNU-stack
                0x0000000000000000        0x0 build/timer.o
 .note.GNU-stack
                0x0000000000000000        0x0 build/debug.o
 .note.GNU-stack
                0x0000000000000000        0x0 build/memory.o
 .note.GNU-stack
                0x0000000000000000        0x0 build/bitmap.o
 .note.GNU-stack
                0x0000000000000000        0x0 build/string.o
 .note.GNU-stack
                0x0000000000000000        0x0 build/thread.o
 .note.GNU-stack
                0x0000000000000000        0x0 build/list.o
 .note.GNU-stack
                0x0000000000000000        0x0 build/console.o
 .note.GNU-stack
                0x0000000000000000        0x0 build/sync.o
 .note.GNU-stack
                0x0000000000000000        0x0 build/keyboard.o
 .note.GNU-stack
                0x0000000000000000        0x0 build/ioqueue.o
 .note.GNU-stack
                0x0000000000000000        0x0 build/tss.o
 .note.GNU-stack
                0x0000000000000000        0x0 build/process.o
 .note.GNU-stack
                0x0000000000000000        0x0 build/syscall.o
 .note.GNU-stack
                0x0000000000000000        0x0 build/syscall-init.o
 .note.GNU-stack
                0x0000000000000000        0x0 build/stdio.o
 .note.GNU-stack
                0x0000000000000000        0x0 build/ide.o
 .note.GNU-stack
                0x0000000000000000        0x0 build/stdio-kernel.o
 .note.GNU-stack
                0x0000000000000000        0x0 build/fs.o
 .note.GNU-stack
                0x0000000000000000        0x0 build/inode.o
 .note.GNU-stack
                0x0000000000000000        0x0 build/file.o
 .note.GNU-stack
                0x0000000000000000        0x0 build/dir.o
 .note.GNU-stack
                0x0000000000000000        0x0 build/fork.o
 .note.GNU-stack
                0x0000000000000000        0x0 build/shell.o
 .note.GNU-stack
                0x0000000000000000        0x0 build/assert.o

Memory Configuration

Name             Origin             Length             Attributes
*default*        0x0000000000000000 0xffffffffffffffff

Linker script and memory map

Address of section .text set to 0xc0001500
LOAD build/main.o
LOAD build/init.o
LOAD build/interrupt.o
LOAD build/timer.o
LOAD build/kernel.o
LOAD build/print.o
LOAD build/debug.o
LOAD build/memory.o
LOAD build/bitmap.o
LOAD build/string.o
LOAD build/thread.o
LOAD build/list.o
LOAD build/switch.o
LOAD build/console.o
LOAD build/sync.o
LOAD build/keyboard.o
LOAD build/ioqueue.o
LOAD build/tss.o
LOAD build/process.o
LOAD build/syscall.o
LOAD build/syscall-init.o
LOAD build/stdio.o
LOAD build/ide.o
LOAD build/stdio-kernel.o
LOAD build/fs.o
LOAD build/inode.o
LOAD build/file.o
LOAD build/dir.o
LOAD build/fork.o
LOAD build/shell.o
LOAD build/assert.o
                0x0000000008048000                PROVIDE (__executable_start, 0x8048000)
                0x0000000008048094                . = (0x8048000 + SIZEOF_HEADERS)

.interp
 *(.interp)

.note.gnu.build-id
 *(.note.gnu.build-id)

.hash
 *(.hash)

.gnu.hash
 *(.gnu.hash)

.dynsym
 *(.dynsym)

.dynstr
 *(.dynstr)

.gnu.version
 *(.gnu.version)

.gnu.version_d
 *(.gnu.version_d)

.gnu.version_r
 *(.gnu.version_r)

.rel.dyn        0x0000000008048094        0x0
 *(.rel.init)
 *(.rel.text .rel.text.* .rel.gnu.linkonce.t.*)
 .rel.text      0x0000000000000000        0x0 build/main.o
 *(.rel.fini)
 *(.rel.rodata .rel.rodata.* .rel.gnu.linkonce.r.*)
 *(.rel.data.rel.ro .rel.data.rel.ro.* .rel.gnu.linkonce.d.rel.ro.*)
 *(.rel.data .rel.data.* .rel.gnu.linkonce.d.*)
 *(.rel.tdata .rel.tdata.* .rel.gnu.linkonce.td.*)
 *(.rel.tbss .rel.tbss.* .rel.gnu.linkonce.tb.*)
 *(.rel.ctors)
 *(.rel.dtors)
 *(.rel.got)
 *(.rel.bss .rel.bss.* .rel.gnu.linkonce.b.*)
 *(.rel.ifunc)

.rel.plt        0x0000000008048094        0x0
 *(.rel.plt)
                0x0000000008048094                PROVIDE (__rel_iplt_start, .)
 *(.rel.iplt)
 .rel.iplt      0x0000000000000000        0x0 build/main.o
                0x0000000008048094                PROVIDE (__rel_iplt_end, .)

.init
 *(SORT(.init))

.plt            0x00000000080480a0        0x0
 *(.plt)
 *(.iplt)
 .iplt          0x0000000000000000        0x0 build/main.o

.text           0x00000000c0001500     0xa47f
 *(.text.unlikely .text.*_unlikely .text.unlikely.*)
 *(.text.exit .text.exit.*)
 *(.text.startup .text.startup.*)
 *(.text.hot .text.hot.*)
 *(.text .stub .text.* .gnu.linkonce.t.*)
 .text          0x00000000c0001500       0x6f build/main.o
                0x00000000c0001500                main
                0x00000000c000152d                init
 .text          0x00000000c000156f       0x4b build/init.o
                0x00000000c000156f                init_all
 .text          0x00000000c00015ba      0x480 build/interrupt.o
                0x00000000c0001928                intr_enable
                0x00000000c0001951                intr_disable
                0x00000000c000197a                intr_set_status
                0x00000000c0001998                intr_get_status
                0x00000000c00019bc                register_handler
                0x00000000c00019d8                idt_init
 .text          0x00000000c0001a3a      0x209 build/timer.o
                0x00000000c0001b91                mtime_sleep
                0x00000000c0001be3                timer_init
 *fill*         0x00000000c0001c43        0xd 
 .text          0x00000000c0001c50      0x55b build/kernel.o
                0x00000000c0001c50                intr_exit
                0x00000000c0002187                syscall_handler
 *fill*         0x00000000c00021ab        0x5 
 .text          0x00000000c00021b0      0x1b1 build/print.o
                0x00000000c00021b0                put_str
                0x00000000c00021ce                put_char
                0x00000000c000229b                cls_screen
                0x00000000c00022da                put_int
                0x00000000c000233d                set_cursor
 .text          0x00000000c0002361       0xa5 build/debug.o
                0x00000000c0002361                panic_spin
 .text          0x00000000c0002406     0x11b7 build/memory.o
                0x00000000c0002536                pte_ptr
                0x00000000c0002566                pde_ptr
                0x00000000c0002706                malloc_page
                0x00000000c00027d0                get_kernel_pages
                0x00000000c000282c                get_user_pages
                0x00000000c0002888                get_a_page
                0x00000000c0002a0e                get_a_page_without_opvaddrbitmap
                0x00000000c0002a89                addr_v2p
                0x00000000c0002adc                sys_malloc
                0x00000000c0002e0b                pfree
                0x00000000c0002f4e                mfree_page
                0x00000000c000312b                sys_free
                0x00000000c00034ee                block_desc_init
                0x00000000c000357c                mem_init
 .text          0x00000000c00035bd      0x266 build/bitmap.o
                0x00000000c00035bd                bitmap_init
                0x00000000c00035e4                bitmap_scan_test
                0x00000000c0003624                bitmap_scan
                0x00000000c0003768                bitmap_set
 .text          0x00000000c0003823      0x449 build/string.o
                0x00000000c0003823                memset
                0x00000000c000387f                memcpy
                0x00000000c00038eb                memcmp
                0x00000000c000397b                strcpy
                0x00000000c00039dd                strlen
                0x00000000c0003a33                strcmp
                0x00000000c0003aba                strchr
                0x00000000c0003b1f                strrchr
                0x00000000c0003b88                strcat
                0x00000000c0003bff                strchrs
 .text          0x00000000c0003c6c      0x758 build/thread.o
                0x00000000c0003c82                running_thread
                0x00000000c0003ce6                fork_pid
                0x00000000c0003cf3                thread_create
                0x00000000c0003d69                init_thread
                0x00000000c0003e7b                thread_start
                0x00000000c0003ff6                schedule
                0x00000000c0004146                thread_block
                0x00000000c00041ad                thread_unblock
                0x00000000c00042b8                thread_yield
                0x00000000c000433e                thread_init
 .text          0x00000000c00043c4      0x1e3 build/list.o
                0x00000000c00043c4                list_init
                0x00000000c00043f1                list_insert_before
                0x00000000c0004432                list_push
                0x00000000c000444f                list_append
                0x00000000c000446c                list_remove
                0x00000000c00044a2                list_pop
                0x00000000c00044c1                elem_find
                0x00000000c00044fc                list_traversal
                0x00000000c0004559                list_len
                0x00000000c000458e                list_empty
 *fill*         0x00000000c00045a7        0x9 
 .text          0x00000000c00045b0       0x15 build/switch.o
                0x00000000c00045b0                switch_to
 .text          0x00000000c00045c5       0x9a build/console.o
                0x00000000c00045c5                console_init
                0x00000000c00045d9                console_acquire
                0x00000000c00045ed                console_release
                0x00000000c0004601                console_put_str
                0x00000000c000461e                console_put_char
                0x00000000c0004642                console_put_int
 .text          0x00000000c000465f      0x347 build/sync.o
                0x00000000c000465f                sema_init
                0x00000000c0004684                lock_init
                0x00000000c00046b5                sema_down
                0x00000000c00047c9                sema_up
                0x00000000c000487f                lock_acquire
                0x00000000c00048fb                lock_release
 .text          0x00000000c00049a6      0x2de build/keyboard.o
                0x00000000c0004c44                keyboard_init
 .text          0x00000000c0004c84      0x2ef build/ioqueue.o
                0x00000000c0004c84                ioqueue_init
                0x00000000c0004cdf                ioq_full
                0x00000000c0004e17                ioq_getchar
                0x00000000c0004ec4                ioq_putchar
 .text          0x00000000c0004f73      0x1af build/tss.o
                0x00000000c0004f73                update_tss_esp
                0x00000000c0004ff4                tss_init
 .text          0x00000000c0005122      0x365 build/process.o
                0x00000000c0005122                start_process
                0x00000000c0005228                page_dir_activate
                0x00000000c0005258                process_activate
                0x00000000c00052aa                create_page_dir
                0x00000000c000531b                create_user_vaddr_bitmap
                0x00000000c000535d                process_execute
 .text          0x00000000c0005487       0xe0 build/syscall.o
                0x00000000c0005487                getpid
                0x00000000c000549c                write
                0x00000000c00054bf                malloc
                0x00000000c00054de                free
                0x00000000c00054fa                fork
                0x00000000c000550f                read
                0x00000000c0005532                putchar
                0x00000000c0005555                clear
 .text          0x00000000c0005567       0x82 build/syscall-init.o
                0x00000000c0005567                sys_getpid
                0x00000000c0005579                syscall_init
 .text          0x00000000c00055e9      0x2bb build/stdio.o
                0x00000000c0005670                vsprintf
                0x00000000c00057f4                sprintf
                0x00000000c0005828                printf
 .text          0x00000000c00058a4      0xe04 build/ide.o
                0x00000000c0005bbe                ide_read
                0x00000000c0005d4c                ide_write
                0x00000000c00063de                intr_hd_handler
                0x00000000c000649f                ide_init
 .text          0x00000000c00066a8       0x62 build/stdio-kernel.o
                0x00000000c00066a8                printk
 .text          0x00000000c000670a     0x21e5 build/fs.o
                0x00000000c0006e6b                path_depth_cnt
                0x00000000c0007195                sys_open
                0x00000000c0007442                sys_close
                0x00000000c0007497                sys_write
                0x00000000c0007581                sys_read
                0x00000000c0007664                sys_lseek
                0x00000000c0007751                sys_unlink
                0x00000000c0007973                sys_mkdir
                0x00000000c0007d9f                sys_opendir
                0x00000000c0007eb7                sys_closedir
                0x00000000c0007ee1                sys_readdir
                0x00000000c0007f1e                sys_rewinddir
                0x00000000c0007f2d                sys_rmdir
                0x00000000c00082f3                sys_getcwd
                0x00000000c0008517                sys_chdir
                0x00000000c00085a5                sys_stat
                0x00000000c00086cc                sys_putchar
                0x00000000c00086e9                filesys_init
 .text          0x00000000c00088ef      0x825 build/inode.o
                0x00000000c0008993                inode_sync
                0x00000000c0008b07                inode_open
                0x00000000c0008c62                inode_close
                0x00000000c0008cd3                inode_delete
                0x00000000c0008e38                inode_release
                0x00000000c00090bf                inode_init
 .text          0x00000000c0009114     0x11fb build/file.o
                0x00000000c0009114                get_free_slot_in_global
                0x00000000c0009165                pcb_fd_install
                0x00000000c00091ce                inode_bitmap_alloc
                0x00000000c000921c                block_bitmap_alloc
                0x00000000c0009275                bitmap_sync
                0x00000000c0009309                file_create
                0x00000000c00095e1                file_open
                0x00000000c00096e2                file_close
                0x00000000c0009721                file_write
                0x00000000c0009f1e                file_read
 .text          0x00000000c000a30f      0xf63 build/dir.o
                0x00000000c000a30f                open_root_dir
                0x00000000c000a33e                dir_open
                0x00000000c000a379                search_dir_entry
                0x00000000c000a55b                dir_close
                0x00000000c000a586                create_dir_entry
                0x00000000c000a5fc                sync_dir_entry
                0x00000000c000aa80                delete_dir_entry
                0x00000000c000af6a                dir_read
                0x00000000c000b17e                dir_is_empty
                0x00000000c000b1a9                dir_remove
 .text          0x00000000c000b272      0x537 build/fork.o
                0x00000000c000b671                sys_fork
 .text          0x00000000c000b7a9      0x1a6 build/shell.o
                0x00000000c000b7a9                print_prompt
                0x00000000c000b8ff                my_shell
 .text          0x00000000c000b94f       0x30 build/assert.o
                0x00000000c000b94f                user_spin
 *(.gnu.warning)

.fini
 *(SORT(.fini))
                0x00000000c000b97f                PROVIDE (__etext, .)
                0x00000000c000b97f                PROVIDE (_etext, .)
                0x00000000c000b97f                PROVIDE (etext, .)

.rodata         0x00000000c000b980     0x227a
 *(.rodata .rodata.* .gnu.linkonce.r.*)
 .rodata        0x00000000c000b980       0x50 build/main.o
 .rodata        0x00000000c000b9d0        0xa build/init.o
 *fill*         0x00000000c000b9da        0x2 
 .rodata        0x00000000c000b9dc      0x2cd build/interrupt.o
 *fill*         0x00000000c000bca9        0x3 
 .rodata        0x00000000c000bcac       0x87 build/timer.o
 .rodata        0x00000000c000bd33       0x3f build/debug.o
 *fill*         0x00000000c000bd72        0x2 
 .rodata        0x00000000c000bd74      0x3b5 build/memory.o
 *fill*         0x00000000c000c129        0x3 
 .rodata        0x00000000c000c12c       0x68 build/bitmap.o
 .rodata        0x00000000c000c194       0xb9 build/string.o
 *fill*         0x00000000c000c24d        0x3 
 .rodata        0x00000000c000c250      0x2d5 build/thread.o
 *fill*         0x00000000c000c525        0x3 
 .rodata        0x00000000c000c528      0x12f build/sync.o
 .rodata        0x00000000c000c657       0x36 build/keyboard.o
 *fill*         0x00000000c000c68d        0x3 
 .rodata        0x00000000c000c690       0x9d build/ioqueue.o
 .rodata        0x00000000c000c72d       0x27 build/tss.o
 .rodata        0x00000000c000c754       0xdd build/process.o
 .rodata        0x00000000c000c831       0x27 build/syscall-init.o
 .rodata        0x00000000c000c858      0x1ef build/ide.o
 *fill*         0x00000000c000ca47        0x1 
 .rodata        0x00000000c000ca48      0x892 build/fs.o
 *fill*         0x00000000c000d2da        0x2 
 .rodata        0x00000000c000d2dc       0xbb build/inode.o
 *fill*         0x00000000c000d397        0x1 
 .rodata        0x00000000c000d398      0x41c build/file.o
 .rodata        0x00000000c000d7b4      0x203 build/dir.o
 *fill*         0x00000000c000d9b7        0x1 
 .rodata        0x00000000c000d9b8      0x142 build/fork.o
 *fill*         0x00000000c000dafa        0x2 
 .rodata        0x00000000c000dafc       0xc9 build/shell.o
 *fill*         0x00000000c000dbc5        0x3 
 .rodata        0x00000000c000dbc8       0x32 build/assert.o

.rodata1
 *(.rodata1)

.eh_frame_hdr
 *(.eh_frame_hdr)

.eh_frame       0x00000000c000dbfc     0x1b08
 *(.eh_frame)
 .eh_frame      0x00000000c000dbfc       0x54 build/main.o
 .eh_frame      0x00000000c000dc50       0x20 build/init.o
                                         0x38 (size before relaxing)
 .eh_frame      0x00000000c000dc70      0x188 build/interrupt.o
                                        0x1a0 (size before relaxing)
 .eh_frame      0x00000000c000ddf8       0xcc build/timer.o
                                         0xe4 (size before relaxing)
 .eh_frame      0x00000000c000dec4       0x1c build/debug.o
                                         0x34 (size before relaxing)
 .eh_frame      0x00000000c000dee0      0x2c0 build/memory.o
                                        0x2d8 (size before relaxing)
 .eh_frame      0x00000000c000e1a0       0x8c build/bitmap.o
                                         0xa4 (size before relaxing)
 .eh_frame      0x00000000c000e22c      0x140 build/string.o
                                        0x158 (size before relaxing)
 .eh_frame      0x00000000c000e36c      0x1bc build/thread.o
                                        0x1d4 (size before relaxing)
 .eh_frame      0x00000000c000e528      0x140 build/list.o
                                        0x158 (size before relaxing)
 .eh_frame      0x00000000c000e668       0xc0 build/console.o
                                         0xd8 (size before relaxing)
 .eh_frame      0x00000000c000e728       0xc8 build/sync.o
                                         0xe0 (size before relaxing)
 .eh_frame      0x00000000c000e7f0       0x60 build/keyboard.o
                                         0x78 (size before relaxing)
 .eh_frame      0x00000000c000e850      0x100 build/ioqueue.o
                                        0x118 (size before relaxing)
 .eh_frame      0x00000000c000e950       0x64 build/tss.o
                                         0x7c (size before relaxing)
 .eh_frame      0x00000000c000e9b4       0xc0 build/process.o
                                         0xd8 (size before relaxing)
 .eh_frame      0x00000000c000ea74      0x114 build/syscall.o
                                        0x12c (size before relaxing)
 .eh_frame      0x00000000c000eb88       0x40 build/syscall-init.o
                                         0x58 (size before relaxing)
 .eh_frame      0x00000000c000ebc8       0x94 build/stdio.o
                                         0xac (size before relaxing)
 .eh_frame      0x00000000c000ec5c      0x258 build/ide.o
                                        0x270 (size before relaxing)
 .eh_frame      0x00000000c000eeb4       0x28 build/stdio-kernel.o
                                         0x40 (size before relaxing)
 .eh_frame      0x00000000c000eedc      0x360 build/fs.o
                                        0x378 (size before relaxing)
 .eh_frame      0x00000000c000f23c       0xec build/inode.o
                                        0x104 (size before relaxing)
 .eh_frame      0x00000000c000f328      0x140 build/file.o
                                        0x158 (size before relaxing)
 .eh_frame      0x00000000c000f468      0x164 build/dir.o
                                        0x17c (size before relaxing)
 .eh_frame      0x00000000c000f5cc       0xc0 build/fork.o
                                         0xd8 (size before relaxing)
 .eh_frame      0x00000000c000f68c       0x5c build/shell.o
                                         0x74 (size before relaxing)
 .eh_frame      0x00000000c000f6e8       0x1c build/assert.o
                                         0x34 (size before relaxing)

.gcc_except_table
 *(.gcc_except_table .gcc_except_table.*)

.exception_ranges
 *(.exception_ranges .exception_ranges*)
                0x00000000c000f704                . = (ALIGN (0x1000) - ((0x1000 - .) & 0xfff))
                0x00000000c0010000                . = DATA_SEGMENT_ALIGN (0x1000, 0x1000)

.eh_frame
 *(.eh_frame)

.gcc_except_table
 *(.gcc_except_table .gcc_except_table.*)

.exception_ranges
 *(.exception_ranges .exception_ranges*)

.tdata
 *(.tdata .tdata.* .gnu.linkonce.td.*)

.tbss
 *(.tbss .tbss.* .gnu.linkonce.tb.*)
 *(.tcommon)

.preinit_array  0x00000000c0010000        0x0
                0x00000000c0010000                PROVIDE (__preinit_array_start, .)
 *(.preinit_array)
                0x00000000c0010000                PROVIDE (__preinit_array_end, .)

.init_array     0x00000000c0010000        0x0
                0x00000000c0010000                PROVIDE (__init_array_start, .)
 *(SORT(.init_array.*) SORT(.ctors.*))
 *(.init_array EXCLUDE_FILE(*crtend?.o *crtend.o *crtbegin?.o *crtbegin.o) .ctors)
                0x00000000c0010000                PROVIDE (__init_array_end, .)

.fini_array     0x00000000c0010000        0x0
                0x00000000c0010000                PROVIDE (__fini_array_start, .)
 *(SORT(.fini_array.*) SORT(.dtors.*))
 *(.fini_array EXCLUDE_FILE(*crtend?.o *crtend.o *crtbegin?.o *crtbegin.o) .dtors)
                0x00000000c0010000                PROVIDE (__fini_array_end, .)

.ctors
 *crtbegin.o(.ctors)
 *crtbegin?.o(.ctors)
 *(EXCLUDE_FILE(*crtend?.o *crtend.o) .ctors)
 *(SORT(.ctors.*))
 *(.ctors)

.dtors
 *crtbegin.o(.dtors)
 *crtbegin?.o(.dtors)
 *(EXCLUDE_FILE(*crtend?.o *crtend.o) .dtors)
 *(SORT(.dtors.*))
 *(.dtors)

.jcr
 *(.jcr)

.data.rel.ro
 *(.data.rel.ro.local* .gnu.linkonce.d.rel.ro.local.*)
 *(.data.rel.ro .data.rel.ro.* .gnu.linkonce.d.rel.ro.*)

.dynamic
 *(.dynamic)

.got
 *(.got)
 *(.igot)
                0x00000000c0010000                . = DATA_SEGMENT_RELRO_END (., (SIZEOF (.got.plt) >= 0xc)?0xc:0x0)

.got.plt        0x00000000c0010000        0x0
 *(.got.plt)
 *(.igot.plt)
 .igot.plt      0x0000000000000000        0x0 build/main.o

.data           0x00000000c0010000      0x156
 *(.data .data.* .gnu.linkonce.d.*)
 .data          0x00000000c0010000        0x0 build/main.o
 .data          0x00000000c0010000        0x0 build/init.o
 .data          0x00000000c0010000        0x0 build/interrupt.o
 .data          0x00000000c0010000        0x0 build/timer.o
 .data          0x00000000c0010000       0xc0 build/kernel.o
                0x00000000c0010000                intr_entry_table
 .data          0x00000000c00100c0        0x8 build/print.o
 .data          0x00000000c00100c8        0x0 build/debug.o
 .data          0x00000000c00100c8        0x0 build/memory.o
 .data          0x00000000c00100c8        0x0 build/bitmap.o
 .data          0x00000000c00100c8        0x0 build/string.o
 .data          0x00000000c00100c8        0x0 build/thread.o
 .data          0x00000000c00100c8        0x0 build/list.o
 .data          0x00000000c00100c8        0x0 build/console.o
 .data          0x00000000c00100c8        0x0 build/sync.o
 *fill*         0x00000000c00100c8       0x18 
 .data          0x00000000c00100e0       0x76 build/keyboard.o
 .data          0x00000000c0010156        0x0 build/ioqueue.o
 .data          0x00000000c0010156        0x0 build/tss.o
 .data          0x00000000c0010156        0x0 build/process.o
 .data          0x00000000c0010156        0x0 build/syscall.o
 .data          0x00000000c0010156        0x0 build/syscall-init.o
 .data          0x00000000c0010156        0x0 build/stdio.o
 .data          0x00000000c0010156        0x0 build/ide.o
 .data          0x00000000c0010156        0x0 build/stdio-kernel.o
 .data          0x00000000c0010156        0x0 build/fs.o
 .data          0x00000000c0010156        0x0 build/inode.o
 .data          0x00000000c0010156        0x0 build/file.o
 .data          0x00000000c0010156        0x0 build/dir.o
 .data          0x00000000c0010156        0x0 build/fork.o
 .data          0x00000000c0010156        0x0 build/shell.o
 .data          0x00000000c0010156        0x0 build/assert.o

.data1
 *(.data1)
                0x00000000c0010156                _edata = .
                0x00000000c0010156                PROVIDE (edata, .)
                0x00000000c0010156                . = .
                0x00000000c0010156                __bss_start = .

.bss            0x00000000c0010160     0x1cc8
 *(.dynbss)
 *(.bss .bss.* .gnu.linkonce.b.*)
 .bss           0x00000000c0010160        0x0 build/main.o
 .bss           0x00000000c0010160        0x0 build/init.o
 .bss           0x00000000c0010160      0x408 build/interrupt.o
 .bss           0x00000000c0010568        0x0 build/timer.o
 .bss           0x00000000c0010568        0x0 build/debug.o
 .bss           0x00000000c0010568        0x0 build/memory.o
 .bss           0x00000000c0010568        0x0 build/bitmap.o
 .bss           0x00000000c0010568        0x0 build/string.o
 .bss           0x00000000c0010568        0x6 build/thread.o
 .bss           0x00000000c001056e        0x0 build/list.o
 *fill*         0x00000000c001056e        0x2 
 .bss           0x00000000c0010570       0x1c build/console.o
 .bss           0x00000000c001058c        0x0 build/sync.o
 .bss           0x00000000c001058c       0x14 build/keyboard.o
 .bss           0x00000000c00105a0        0x0 build/ioqueue.o
 .bss           0x00000000c00105a0       0x6c build/tss.o
 .bss           0x00000000c001060c        0x0 build/process.o
 .bss           0x00000000c001060c        0x0 build/syscall.o
 .bss           0x00000000c001060c        0x0 build/syscall-init.o
 .bss           0x00000000c001060c        0x0 build/stdio.o
 .bss           0x00000000c001060c        0x6 build/ide.o
                0x00000000c001060c                ext_lba_base
                0x00000000c0010610                p_no
                0x00000000c0010611                l_no
 .bss           0x00000000c0010612        0x0 build/stdio-kernel.o
 .bss           0x00000000c0010612        0x0 build/fs.o
 .bss           0x00000000c0010612        0x0 build/inode.o
 .bss           0x00000000c0010612        0x0 build/file.o
 .bss           0x00000000c0010612        0x0 build/dir.o
 .bss           0x00000000c0010612        0x0 build/fork.o
 *fill*         0x00000000c0010612        0xe 
 .bss           0x00000000c0010620       0xc0 build/shell.o
                0x00000000c0010620                cwd_cache
 .bss           0x00000000c00106e0        0x0 build/assert.o
 *(COMMON)
 COMMON         0x00000000c00106e0      0x424 build/interrupt.o
                0x00000000c00106e0                intr_name
                0x00000000c0010900                idt_table
 COMMON         0x00000000c0010b04        0x4 build/timer.o
                0x00000000c0010b04                ticks
 *fill*         0x00000000c0010b08       0x18 
 COMMON         0x00000000c0010b20      0x12c build/memory.o
                0x00000000c0010b20                user_pool
                0x00000000c0010b60                k_block_descs
                0x00000000c0010c08                kernel_vaddr
                0x00000000c0010c20                kernel_pool
 COMMON         0x00000000c0010c4c       0x44 build/thread.o
                0x00000000c0010c4c                thread_ready_list
                0x00000000c0010c5c                thread_all_list
                0x00000000c0010c6c                idle_thread
                0x00000000c0010c70                main_thread
                0x00000000c0010c74                pid_lock
 *fill*         0x00000000c0010c90       0x10 
 COMMON         0x00000000c0010ca0       0x6c build/keyboard.o
                0x00000000c0010ca0                kbd_buf
 *fill*         0x00000000c0010d0c       0x14 
 COMMON         0x00000000c0010d20       0x80 build/syscall-init.o
                0x00000000c0010d20                syscall_table
 COMMON         0x00000000c0010da0      0xcf0 build/ide.o
                0x00000000c0010da0                channel_cnt
                0x00000000c0010dc0                channels
                0x00000000c0011a80                partition_list
 COMMON         0x00000000c0011a90        0x4 build/fs.o
                0x00000000c0011a90                cur_part
 *fill*         0x00000000c0011a94        0xc 
 COMMON         0x00000000c0011aa0      0x180 build/file.o
                0x00000000c0011aa0                file_table
 COMMON         0x00000000c0011c20      0x208 build/dir.o
                0x00000000c0011c20                root_dir
                0x00000000c0011e28                . = ALIGN ((. != 0x0)?0x4:0x1)
                0x00000000c0011e28                . = ALIGN (0x4)
                0x00000000c0011e28                . = SEGMENT_START ("ldata-segment", .)
                0x00000000c0011e28                . = ALIGN (0x4)
                0x00000000c0011e28                _end = .
                0x00000000c0011e28                PROVIDE (end, .)
                0x00000000c0011e28                . = DATA_SEGMENT_END (.)

.stab
 *(.stab)

.stabstr
 *(.stabstr)

.stab.excl
 *(.stab.excl)

.stab.exclstr
 *(.stab.exclstr)

.stab.index
 *(.stab.index)

.stab.indexstr
 *(.stab.indexstr)

.comment        0x0000000000000000       0x2b
 *(.comment)
 .comment       0x0000000000000000       0x2b build/main.o
                                         0x2c (size before relaxing)
 .comment       0x0000000000000000       0x2c build/init.o
 .comment       0x0000000000000000       0x2c build/interrupt.o
 .comment       0x0000000000000000       0x2c build/timer.o
 .comment       0x0000000000000000       0x2c build/debug.o
 .comment       0x0000000000000000       0x2c build/memory.o
 .comment       0x0000000000000000       0x2c build/bitmap.o
 .comment       0x0000000000000000       0x2c build/string.o
 .comment       0x0000000000000000       0x2c build/thread.o
 .comment       0x0000000000000000       0x2c build/list.o
 .comment       0x0000000000000000       0x2c build/console.o
 .comment       0x0000000000000000       0x2c build/sync.o
 .comment       0x0000000000000000       0x2c build/keyboard.o
 .comment       0x0000000000000000       0x2c build/ioqueue.o
 .comment       0x0000000000000000       0x2c build/tss.o
 .comment       0x0000000000000000       0x2c build/process.o
 .comment       0x0000000000000000       0x2c build/syscall.o
 .comment       0x0000000000000000       0x2c build/syscall-init.o
 .comment       0x0000000000000000       0x2c build/stdio.o
 .comment       0x0000000000000000       0x2c build/ide.o
 .comment       0x0000000000000000       0x2c build/stdio-kernel.o
 .comment       0x0000000000000000       0x2c build/fs.o
 .comment       0x0000000000000000       0x2c build/inode.o
 .comment       0x0000000000000000       0x2c build/file.o
 .comment       0x0000000000000000       0x2c build/dir.o
 .comment       0x0000000000000000       0x2c build/fork.o
 .comment       0x0000000000000000       0x2c build/shell.o
 .comment       0x0000000000000000       0x2c build/assert.o

.debug
 *(.debug)

.line
 *(.line)

.debug_srcinfo
 *(.debug_srcinfo)

.debug_sfnames
 *(.debug_sfnames)

.debug_aranges
 *(.debug_aranges)

.debug_pubnames
 *(.debug_pubnames)

.debug_info
 *(.debug_info .gnu.linkonce.wi.*)

.debug_abbrev
 *(.debug_abbrev)

.debug_line
 *(.debug_line .debug_line.* .debug_line_end)

.debug_frame
 *(.debug_frame)

.debug_str
 *(.debug_str)

.debug_loc
 *(.debug_loc)

.debug_macinfo
 *(.debug_macinfo)

.debug_weaknames
 *(.debug_weaknames)

.debug_funcnames
 *(.debug_funcnames)

.debug_typenames
 *(.debug_typenames)

.debug_varnames
 *(.debug_varnames)

.debug_pubtypes
 *(.debug_pubtypes)

.debug_ranges
 *(.debug_ranges)

.debug_macro
 *(.debug_macro)

.gnu.attributes
 *(.gnu.attributes)

/DISCARD/
 *(.note.GNU-stack)
 *(.gnu_debuglink)
 *(.gnu.lto_*)
OUTPUT(build/kernel.bin elf32-i386)
